// Jest Snapshot v1, https://goo.gl/fbAQLP

exports[`Growth should render correctly 1`] = `
<Provider
  store={
    Object {
      "@@observable": [Function],
      "dispatch": [Function],
      "getState": [Function],
      "replaceReducer": [Function],
      "subscribe": [Function],
    }
  }
>
  <Growth>
    <div
      className="growth"
    >
      <div
        className="tabs"
      >
        <div
          className="tabs_left"
        >
          <span
            className="btn_growth"
            onClick={[Function]}
            onKeyDown={[Function]}
            role="button"
            tabIndex={0}
          >
            1w
          </span>
          <span
            className="btn_growth btn_growth_active"
            onClick={[Function]}
            onKeyDown={[Function]}
            role="button"
            tabIndex={0}
          >
            1m
          </span>
          <span
            className="btn_growth"
            onClick={[Function]}
            onKeyDown={[Function]}
            role="button"
            tabIndex={0}
          >
            3m
          </span>
          <span
            className="btn_growth"
            onClick={[Function]}
            onKeyDown={[Function]}
            role="button"
            tabIndex={0}
          >
            6m
          </span>
          <span
            className="btn_growth"
            onClick={[Function]}
            onKeyDown={[Function]}
            role="button"
            tabIndex={0}
          >
            1y
          </span>
        </div>
        <div
          className="tabs_right"
        >
          <Select
            items="currency"
            setCurrencySelected={[Function]}
          >
            <div>
              <select
                className="currency exchange_element"
              >
                <option
                  className="option exchange_element"
                  id="growth_balance"
                  label="Balance"
                  value="Balance"
                >
                  Balance
                </option>
                <option
                  className="option exchange_element"
                  id="growth_income"
                  label="Income"
                  value="Income"
                >
                  Income
                </option>
                <option
                  className="option exchange_element"
                  id="growth_Expenses"
                  label="Expenses"
                  value="Expenses"
                >
                  Expenses
                </option>
                <option
                  className="option exchange_element"
                  id="growth_Crypto"
                  label="Crypto"
                  value="Crypto"
                >
                  Crypto
                </option>
              </select>
              <div
                className="currency-select exchange_element"
              >
                <svg
                  className="select-currency-arrow exchange_element"
                  fill="#605b95"
                  height="24px"
                  viewBox="0 0 24 24"
                  width="24px"
                  xmlns="http://www.w3.org/2000/svg"
                >
                  <path
                    d="M0 0h24v24H0V0z"
                    fill="none"
                  />
                  <path
                    d="M7.41 8.59L12 13.17l4.59-4.58L18 10l-6 6-6-6 1.41-1.41z"
                  />
                </svg>
                <button
                  aria-label="btn-select"
                  className="btn-currency exchange_element"
                  id="btn-select"
                  type="button"
                  value="All"
                />
                <div
                  className="currency-list exchange_element"
                >
                  <ul
                    id="currency-items"
                  />
                </div>
              </div>
            </div>
          </Select>
        </div>
      </div>
      <Graph
        color="Green"
        data={
          Array [
            Object {
              "Price": 0,
              "timestamp": 0,
              "tokens": 0,
            },
          ]
        }
        height={180}
        tooltip={true}
        width={0}
      >
        <div
          className="graph_container"
        >
          <div
            className="graph"
          >
            <ResponsiveContainer
              debounce={0}
              height={180}
              width="90%"
            >
              <ResizeDetector
                handleHeight={true}
                handleWidth={true}
                onResize={[Function]}
                targetRef={
                  Object {
                    "current": <div
                      class="recharts-responsive-container"
                      style="width: 90%; height: 180px;"
                    />,
                  }
                }
              >
                <div
                  className="recharts-responsive-container"
                  style={
                    Object {
                      "height": 180,
                      "maxHeight": undefined,
                      "minHeight": undefined,
                      "minWidth": undefined,
                      "width": "90%",
                    }
                  }
                />
              </ResizeDetector>
            </ResponsiveContainer>
            <Grid>
              <div
                className="grid"
              >
                <span
                  className="grid_card"
                />
                <span
                  className="grid_card"
                />
                <span
                  className="grid_card"
                />
                <span
                  className="grid_card"
                />
                <span
                  className="grid_card"
                />
              </div>
            </Grid>
          </div>
        </div>
      </Graph>
    </div>
  </Growth>
</Provider>
`;
