// Jest Snapshot v1, https://goo.gl/fbAQLP

exports[`TransactionsItem should render correctly 1`] = `
<Provider
  store={
    Object {
      "@@observable": [Function],
      "dispatch": [Function],
      "getState": [Function],
      "replaceReducer": [Function],
      "subscribe": [Function],
    }
  }
>
  <Transactions>
    <div
      className="transactions"
    />
  </Transactions>
</Provider>
`;
