// Jest Snapshot v1, https://goo.gl/fbAQLP

exports[`App should render correctly 1`] = `
<Provider
  store={
    Object {
      "@@observable": [Function],
      "dispatch": [Function],
      "getState": [Function],
      "replaceReducer": [Function],
      "subscribe": [Function],
    }
  }
>
  <App>
    <div
      className="app"
      id="app"
    >
      <Login>
        <div
          className="login-container"
          id="login_container"
        >
          <div
            className="coinlabs"
            id="coinlabs"
          >
            <div
              className="stick1"
              id="stick1"
            />
            <div
              className="stick2"
              id="stick2"
            />
            <div
              className="stick3"
              id="stick3"
            />
            <p>
              Coinlabs
            </p>
          </div>
          <div
            className="login"
            id="login"
          >
            <p
              className="welcome"
            >
              Welcome
            </p>
            <h3>
              Log into your account
            </h3>
            <p
              className="bad_log"
              id="log_error"
            >
              Username or password incorrect
            </p>
            <div
              className="input"
            >
              <label
                htmlFor="email"
              >
                <div
                  className="input_header"
                >
                  <p>
                    E-mail or Username
                  </p>
                  <p
                    className="input_advertise"
                    id="email_error"
                  />
                </div>
                <input
                  autoComplete="off"
                  id="email"
                  onChange={[Function]}
                  placeholder="Enter your e-mail or username"
                  spellCheck="false"
                  type="text"
                />
              </label>
              <label
                htmlFor="password"
              >
                <div
                  className="input_header"
                >
                  <p>
                    Password
                  </p>
                  <p
                    className="input_advertise"
                    id="password_error"
                  />
                </div>
                <input
                  autoComplete="off"
                  id="password"
                  onChange={[Function]}
                  onFocus={[Function]}
                  placeholder="Enter your password"
                  type="text"
                />
              </label>
            </div>
            <div
              className="button"
            >
              <button
                onClick={[Function]}
                type="button"
              >
                Login
              </button>
              <button
                id="btn-demo-login"
                onClick={[Function]}
                type="button"
              >
                Demo Login
              </button>
            </div>
            <div
              className="not_register"
            >
              <p>
                Not registered yet?
              </p>
              <p
                className="to_register"
                onClick={[Function]}
                onKeyDown={[Function]}
              >
                Register
                 
                <svg
                  fill="#fff"
                  viewBox="0 0 492 492"
                  width="12px"
                  xmlns="http://www.w3.org/2000/svg"
                >
                  <path
                    d="M464.3 207.4l0.8 0.2H135.9l103.5-103.7c5.1-5.1 7.8-11.9 7.8-19.1 0-7.2-2.8-14-7.8-19.1L223.3 49.5c-5.1-5.1-11.8-7.9-19-7.9 -7.2 0-14 2.8-19 7.8L7.8 226.9C2.8 232 0 238.8 0 246c0 7.2 2.8 14 7.8 19.1l177.4 177.4c5.1 5.1 11.8 7.8 19 7.8 7.2 0 13.9-2.8 19-7.8l16.1-16.1c5.1-5.1 7.8-11.8 7.8-19 0-7.2-2.8-13.6-7.8-18.7L134.7 284.4h330c14.8 0 27.3-12.8 27.3-27.6v-22.8C492 219.2 479.2 207.4 464.3 207.4z"
                  />
                </svg>
              </p>
            </div>
          </div>
          <Register
            register={[Function]}
            setEmail={[Function]}
            setPassword={[Function]}
            setPicture={[Function]}
            setUserName={[Function]}
          >
            <div
              className="register_container"
            >
              <div
                className="register"
                id="register"
              >
                <h3>
                  Create your account
                </h3>
                <div
                  className="input"
                >
                  <label
                    htmlFor="username"
                  >
                    <div
                      className="input_header"
                    >
                      <p>
                        Username
                      </p>
                      <p
                        className="input_advertise"
                        id="username_advertise"
                      />
                    </div>
                    <input
                      autoComplete="off"
                      id="username_register"
                      onChange={[Function]}
                      placeholder="Enter your username"
                      spellCheck="false"
                      type="text"
                    />
                  </label>
                  <label
                    htmlFor="email"
                  >
                    <div
                      className="input_header"
                    >
                      <p>
                        E-mail
                      </p>
                      <p
                        className="input_advertise"
                        id="email_advertise"
                      />
                    </div>
                    <input
                      autoComplete="off"
                      id="email_register"
                      onChange={[Function]}
                      placeholder="Enter your e-mail"
                      spellCheck="false"
                      type="text"
                    />
                  </label>
                  <label
                    htmlFor="password"
                  >
                    <div
                      className="input_header"
                    >
                      <p>
                        Password
                      </p>
                      <p
                        className="input_advertise"
                        id="password_advertise"
                      />
                    </div>
                    <input
                      autoComplete="off"
                      id="password_register"
                      onChange={[Function]}
                      onFocus={[Function]}
                      placeholder="Enter your password"
                      type="text"
                    />
                  </label>
                  <div
                    className="picture"
                  >
                    <p>
                      Profil picture
                    </p>
                    <div
                      className="profil_pic"
                      id="profil_pic"
                      onClick={[Function]}
                      onKeyDown={[Function]}
                      role="button"
                      tabIndex={0}
                    >
                      +
                    </div>
                    <p
                      className="file_error"
                      id="file_error"
                    >
                      File selected is not an image
                    </p>
                    <input
                      accept="image/*"
                      id="file-input"
                      onChange={[Function]}
                      style={
                        Object {
                          "display": "none",
                        }
                      }
                      type="file"
                    />
                  </div>
                </div>
                <div
                  className="button"
                >
                  <button
                    onClick={[Function]}
                    type="button"
                  >
                    Sign Up
                  </button>
                </div>
                <div
                  className="not_register"
                >
                  <p>
                    Already have an account?
                  </p>
                  <p
                    className="to_login"
                    onClick={[Function]}
                    onKeyDown={[Function]}
                  >
                    Login
                     
                    <svg
                      fill="#fff"
                      viewBox="0 0 492 492"
                      width="12px"
                      xmlns="http://www.w3.org/2000/svg"
                    >
                      <path
                        d="M464.3 207.4l0.8 0.2H135.9l103.5-103.7c5.1-5.1 7.8-11.9 7.8-19.1 0-7.2-2.8-14-7.8-19.1L223.3 49.5c-5.1-5.1-11.8-7.9-19-7.9 -7.2 0-14 2.8-19 7.8L7.8 226.9C2.8 232 0 238.8 0 246c0 7.2 2.8 14 7.8 19.1l177.4 177.4c5.1 5.1 11.8 7.8 19 7.8 7.2 0 13.9-2.8 19-7.8l16.1-16.1c5.1-5.1 7.8-11.8 7.8-19 0-7.2-2.8-13.6-7.8-18.7L134.7 284.4h330c14.8 0 27.3-12.8 27.3-27.6v-22.8C492 219.2 479.2 207.4 464.3 207.4z"
                      />
                    </svg>
                  </p>
                </div>
              </div>
            </div>
          </Register>
        </div>
      </Login>
    </div>
  </App>
</Provider>
`;
