// Jest Snapshot v1, https://goo.gl/fbAQLP

exports[`InfoBoxD should render correctly 1`] = `
<Provider
  store={
    Object {
      "@@observable": [Function],
      "dispatch": [Function],
      "getState": [Function],
      "replaceReducer": [Function],
      "subscribe": [Function],
    }
  }
>
  <InfoBox
    title="Balance"
    variation={26}
  >
    <div
      className="infoboxD"
    >
      <div
        className="infobox_top"
      >
        <p>
          Balance
        </p>
        <div
          className="infobox_top_variation"
        >
          <svg
            fill="#37bb77"
            style={
              Object {
                "transform": "rotate(140deg)",
              }
            }
            viewBox="0 0 492 492"
            xmlns="http://www.w3.org/2000/svg"
          >
            <path
              d="M464.3 207.4l0.8 0.2H135.9l103.5-103.7c5.1-5.1 7.8-11.9 7.8-19.1 0-7.2-2.8-14-7.8-19.1L223.3 49.5c-5.1-5.1-11.8-7.9-19-7.9 -7.2 0-14 2.8-19 7.8L7.8 226.9C2.8 232 0 238.8 0 246c0 7.2 2.8 14 7.8 19.1l177.4 177.4c5.1 5.1 11.8 7.8 19 7.8 7.2 0 13.9-2.8 19-7.8l16.1-16.1c5.1-5.1 7.8-11.8 7.8-19 0-7.2-2.8-13.6-7.8-18.7L134.7 284.4h330c14.8 0 27.3-12.8 27.3-27.6v-22.8C492 219.2 479.2 207.4 464.3 207.4z"
              strokeWidth="2"
            />
          </svg>
          <p
            style={
              Object {
                "color": "#37bb77",
              }
            }
          >
            26
            %
          </p>
        </div>
      </div>
      <div
        className="infobox_bottom"
      >
        <p>
          $
        </p>
        <p>
          20 000.00
        </p>
      </div>
    </div>
  </InfoBox>
</Provider>
`;
